3.14
4.140000000000001
3.1400000000000006
6.280000000000001
2.0933333333333337
2.0933333333333337
