LexToken(DEF,'def',3,31)
LexToken(NAME,'void',3,35)
LexToken(NAME,'main',3,40)
LexToken(LPAREN,'(',3,44)
LexToken(RPAREN,')',3,45)
LexToken(COLON,':',3,46)
LexToken(NEWLINE,'\n',3,47)
LexToken(INDENT,1,4,48)
LexToken(NAME,'bool',4,49)
LexToken(NAME,'b',4,54)
LexToken(NEWLINE,'\n',4,55)
LexToken(NAME,'float',5,57)
LexToken(NAME,'f',5,63)
LexToken(NEWLINE,'\n',5,64)
LexToken(NAME,'int',6,66)
LexToken(NAME,'i',6,70)
LexToken(NEWLINE,'\n',6,71)
LexToken(NAME,'str',7,73)
LexToken(NAME,'s',7,77)
LexToken(NEWLINE,'\n\n',7,78)
LexToken(NAME,'b',9,81)
LexToken(ASSIGN,'=',9,83)
LexToken(NAME,'True',9,85)
LexToken(NEWLINE,'\n',9,89)
LexToken(NAME,'f',10,91)
LexToken(ASSIGN,'=',10,93)
LexToken(NUMBER,3.14,10,95)
LexToken(NEWLINE,'\n',10,99)
LexToken(NAME,'i',11,101)
LexToken(ASSIGN,'=',11,103)
LexToken(NUMBER,42,11,105)
LexToken(NEWLINE,'\n',11,107)
LexToken(NAME,'s',12,109)
LexToken(ASSIGN,'=',12,111)
LexToken(STRING,'"Rosebud"',12,113)
LexToken(NEWLINE,'\n',12,122)
LexToken(PRINT,'print',13,124)
LexToken(NAME,'b',13,130)
LexToken(COMMA,',',13,131)
LexToken(NAME,'f',13,133)
LexToken(COMMA,',',13,134)
LexToken(NAME,'i',13,136)
LexToken(COMMA,',',13,137)
LexToken(NAME,'s',13,139)
LexToken(NEWLINE,'\n',13,140)
LexToken(DEDENT,0,14,142)
LexToken(ENDMARKER,None,14,143)
