LexToken(NAME,'bool',3,46)
LexToken(NAME,'b',3,51)
LexToken(ASSIGN,'=',3,53)
LexToken(NAME,'True',3,55)
LexToken(NEWLINE,'\n',3,59)
LexToken(NAME,'float',4,60)
LexToken(NAME,'f',4,66)
LexToken(ASSIGN,'=',4,68)
LexToken(NUMBER,3.14,4,70)
LexToken(NEWLINE,'\n',4,74)
LexToken(NAME,'int',5,75)
LexToken(NAME,'i',5,79)
LexToken(ASSIGN,'=',5,81)
LexToken(NUMBER,42,5,83)
LexToken(NEWLINE,'\n',5,85)
LexToken(NAME,'str',6,86)
LexToken(NAME,'s',6,90)
LexToken(ASSIGN,'=',6,92)
LexToken(STRING,'"Rosebud"',6,94)
LexToken(NEWLINE,'\n\n',6,103)
LexToken(DEF,'def',8,105)
LexToken(NAME,'void',8,109)
LexToken(NAME,'main',8,114)
LexToken(LPAREN,'(',8,118)
LexToken(RPAREN,')',8,119)
LexToken(COLON,':',8,120)
LexToken(NEWLINE,'\n',8,121)
LexToken(INDENT,1,9,122)
LexToken(PRINT,'print',9,123)
LexToken(NAME,'b',9,129)
LexToken(COMMA,',',9,130)
LexToken(NAME,'f',9,132)
LexToken(COMMA,',',9,133)
LexToken(NAME,'i',9,135)
LexToken(COMMA,',',9,136)
LexToken(NAME,'s',9,138)
LexToken(NEWLINE,'\n',9,139)
LexToken(DEDENT,0,10,141)
LexToken(ENDMARKER,None,10,142)
