LexToken(NAME,'bool',3,32)
LexToken(NAME,'b',3,37)
LexToken(NEWLINE,'\n',3,38)
LexToken(NAME,'float',4,39)
LexToken(NAME,'f',4,45)
LexToken(NEWLINE,'\n',4,46)
LexToken(NAME,'int',5,47)
LexToken(NAME,'i',5,51)
LexToken(NEWLINE,'\n',5,52)
LexToken(NAME,'str',6,53)
LexToken(NAME,'s',6,57)
LexToken(NEWLINE,'\n\n',6,58)
LexToken(DEF,'def',8,60)
LexToken(NAME,'void',8,64)
LexToken(NAME,'main',8,69)
LexToken(LPAREN,'(',8,73)
LexToken(RPAREN,')',8,74)
LexToken(COLON,':',8,75)
LexToken(NEWLINE,'\n',8,76)
LexToken(INDENT,1,9,77)
LexToken(RETURN,'return',9,78)
LexToken(NEWLINE,'\n',9,84)
LexToken(DEDENT,0,10,86)
LexToken(ENDMARKER,None,10,87)
