LexToken(DEF,'def',3,25)
LexToken(NAME,'void',3,29)
LexToken(NAME,'main',3,34)
LexToken(LPAREN,'(',3,38)
LexToken(RPAREN,')',3,39)
LexToken(COLON,':',3,40)
LexToken(NEWLINE,'\n',3,41)
LexToken(INDENT,1,4,42)
LexToken(PRINT,'print',4,43)
LexToken(STRING,'"Hello, World!"',4,49)
LexToken(NEWLINE,'\n',4,64)
LexToken(DEDENT,0,5,66)
LexToken(ENDMARKER,None,5,67)
