LexToken(DEF,'def',3,30)
LexToken(NAME,'void',3,34)
LexToken(NAME,'print_these',3,39)
LexToken(LPAREN,'(',3,50)
LexToken(RPAREN,')',3,51)
LexToken(COLON,':',3,52)
LexToken(NEWLINE,'\n',3,53)
LexToken(INDENT,1,4,54)
LexToken(NAME,'bool',4,55)
LexToken(NAME,'b',4,60)
LexToken(ASSIGN,'=',4,62)
LexToken(NAME,'True',4,64)
LexToken(NEWLINE,'\n',4,68)
LexToken(NAME,'float',5,70)
LexToken(NAME,'f',5,76)
LexToken(ASSIGN,'=',5,78)
LexToken(NUMBER,3.14,5,80)
LexToken(NEWLINE,'\n',5,84)
LexToken(NAME,'int',6,86)
LexToken(NAME,'i',6,90)
LexToken(ASSIGN,'=',6,92)
LexToken(NUMBER,42,6,94)
LexToken(NEWLINE,'\n',6,96)
LexToken(NAME,'str',7,98)
LexToken(NAME,'s',7,102)
LexToken(ASSIGN,'=',7,104)
LexToken(STRING,'"Rosebud"',7,106)
LexToken(NEWLINE,'\n',7,115)
LexToken(PRINT,'print',8,117)
LexToken(NAME,'b',8,123)
LexToken(COMMA,',',8,124)
LexToken(NAME,'f',8,126)
LexToken(COMMA,',',8,127)
LexToken(NAME,'i',8,129)
LexToken(COMMA,',',8,130)
LexToken(NAME,'s',8,132)
LexToken(NEWLINE,'\n\n\n',8,133)
LexToken(DEDENT,0,11,136)
LexToken(DEF,'def',11,136)
LexToken(NAME,'void',11,140)
LexToken(NAME,'main',11,145)
LexToken(LPAREN,'(',11,149)
LexToken(RPAREN,')',11,150)
LexToken(COLON,':',11,151)
LexToken(NEWLINE,'\n',11,152)
LexToken(INDENT,1,12,153)
LexToken(NAME,'print_these',12,154)
LexToken(LPAREN,'(',12,165)
LexToken(RPAREN,')',12,166)
LexToken(NEWLINE,'\n',12,167)
LexToken(DEDENT,0,13,169)
LexToken(ENDMARKER,None,13,170)
