LexToken(DEF,'def',3,34)
LexToken(NAME,'bool',3,38)
LexToken(NAME,'bidentity',3,43)
LexToken(LPAREN,'(',3,52)
LexToken(NAME,'bool',3,53)
LexToken(NAME,'b',3,58)
LexToken(RPAREN,')',3,59)
LexToken(COLON,':',3,60)
LexToken(NEWLINE,'\n',3,61)
LexToken(INDENT,1,4,62)
LexToken(RETURN,'return',4,63)
LexToken(NAME,'b',4,70)
LexToken(NEWLINE,'\n\n',4,71)
LexToken(DEDENT,0,6,73)
LexToken(DEF,'def',6,73)
LexToken(NAME,'float',6,77)
LexToken(NAME,'fidentity',6,83)
LexToken(LPAREN,'(',6,92)
LexToken(NAME,'float',6,93)
LexToken(NAME,'f',6,99)
LexToken(RPAREN,')',6,100)
LexToken(COLON,':',6,101)
LexToken(NEWLINE,'\n',6,102)
LexToken(INDENT,1,7,103)
LexToken(RETURN,'return',7,104)
LexToken(NAME,'f',7,111)
LexToken(NEWLINE,'\n\n',7,112)
LexToken(DEDENT,0,9,114)
LexToken(DEF,'def',9,114)
LexToken(NAME,'int',9,118)
LexToken(NAME,'iidentity',9,122)
LexToken(LPAREN,'(',9,131)
LexToken(NAME,'int',9,132)
LexToken(NAME,'i',9,136)
LexToken(RPAREN,')',9,137)
LexToken(COLON,':',9,138)
LexToken(NEWLINE,'\n',9,139)
LexToken(INDENT,1,10,140)
LexToken(RETURN,'return',10,141)
LexToken(NAME,'i',10,148)
LexToken(NEWLINE,'\n\n',10,149)
LexToken(DEDENT,0,12,151)
LexToken(DEF,'def',12,151)
LexToken(NAME,'str',12,155)
LexToken(NAME,'sidentity',12,159)
LexToken(LPAREN,'(',12,168)
LexToken(NAME,'str',12,169)
LexToken(NAME,'s',12,173)
LexToken(RPAREN,')',12,174)
LexToken(COLON,':',12,175)
LexToken(NEWLINE,'\n',12,176)
LexToken(INDENT,1,13,177)
LexToken(RETURN,'return',13,178)
LexToken(NAME,'s',13,185)
LexToken(NEWLINE,'\n\n',13,186)
LexToken(DEDENT,0,15,188)
LexToken(DEF,'def',15,188)
LexToken(NAME,'void',15,192)
LexToken(NAME,'main',15,197)
LexToken(LPAREN,'(',15,201)
LexToken(RPAREN,')',15,202)
LexToken(COLON,':',15,203)
LexToken(NEWLINE,'\n',15,204)
LexToken(INDENT,1,16,205)
LexToken(PRINT,'print',16,206)
LexToken(NAME,'bidentity',16,212)
LexToken(LPAREN,'(',16,221)
LexToken(NAME,'True',16,222)
LexToken(RPAREN,')',16,226)
LexToken(COMMA,',',16,227)
LexToken(NAME,'fidentity',16,229)
LexToken(LPAREN,'(',16,238)
LexToken(NUMBER,3.14,16,239)
LexToken(RPAREN,')',16,243)
LexToken(COMMA,',',16,244)
LexToken(NAME,'iidentity',16,246)
LexToken(LPAREN,'(',16,255)
LexToken(NUMBER,42,16,256)
LexToken(RPAREN,')',16,258)
LexToken(COMMA,',',16,259)
LexToken(NAME,'sidentity',16,261)
LexToken(LPAREN,'(',16,270)
LexToken(STRING,'"Rosebud"',16,271)
LexToken(RPAREN,')',16,280)
LexToken(NEWLINE,'\n',16,281)
LexToken(DEDENT,0,17,283)
LexToken(ENDMARKER,None,17,284)
