<StartNode: stmt_list=[<DeclarationStmtNode: lineno=3, value=<DeclarationNode: type=((), 'bool'), name=<NameNode: type=((), 'bool'), namespace=(), lineno=3, value='b'>, var_type=<TypeNode: type=((), 'bool'), namespace=(), lineno=3, value='bool'>, lineno=3>>, <DeclarationStmtNode: lineno=4, value=<DeclarationNode: type=((), 'float'), name=<NameNode: type=((), 'float'), namespace=(), lineno=4, value='f'>, var_type=<TypeNode: type=((), 'float'), namespace=(), lineno=4, value='float'>, lineno=4>>, <DeclarationStmtNode: lineno=5, value=<DeclarationNode: type=((), 'int'), name=<NameNode: type=((), 'int'), namespace=(), lineno=5, value='i'>, var_type=<TypeNode: type=((), 'int'), namespace=(), lineno=5, value='int'>, lineno=5>>, <DeclarationStmtNode: lineno=6, value=<DeclarationNode: type=((), 'str'), name=<NameNode: type=((), 'str'), namespace=(), lineno=6, value='s'>, var_type=<TypeNode: type=((), 'str'), namespace=(), lineno=6, value='str'>, lineno=6>>, <FunctionDefNode: body=[<ReturnNode: type=((), 'void'), lineno=9, value=None>], return_type=<TypeNode: type=((), 'void'), namespace=(), lineno=8, value='void'>, params=[], name=<NameNode: namespace=(), lineno=8, value='main'>, lineno=8>]>
