<StartNode: stmt_list=[<FunctionDefNode: body=[<AssignmentNode: target=<DeclarationNode: type=((), 'float'), name=<NameNode: type=((), 'float'), namespace=('main',), lineno=4, value='f'>, var_type=<TypeNode: type=((), 'float'), namespace=(), lineno=4, value='float'>, lineno=4>, value=<NumberNode: type=((), 'float'), lineno=4, value=3.14>, lineno=4>, <PrintNode: values=[<NameNode: type=((), 'float'), namespace=('main',), lineno=5, value='f'>], lineno=5>, <AssignmentNode: target=<NameNode: type=((), 'float'), namespace=('main',), lineno=6, value='f'>, value=<BinaryOpNode: operator='+', right=<CallNode: args=[<NumberNode: type=((), 'int'), lineno=6, value=1>], type=((), 'float'), is_constructor=True, func=<NameNode: namespace=(), value='float'>>, type=((), 'float'), lineno=6, left=<NameNode: type=((), 'float'), namespace=('main',), lineno=6, value='f'>>, lineno=6>, <PrintNode: values=[<NameNode: type=((), 'float'), namespace=('main',), lineno=7, value='f'>], lineno=7>, <AssignmentNode: target=<NameNode: type=((), 'float'), namespace=('main',), lineno=8, value='f'>, value=<BinaryOpNode: operator='-', right=<CallNode: args=[<NumberNode: type=((), 'int'), lineno=8, value=1>], type=((), 'float'), is_constructor=True, func=<NameNode: namespace=(), value='float'>>, type=((), 'float'), lineno=8, left=<NameNode: type=((), 'float'), namespace=('main',), lineno=8, value='f'>>, lineno=8>, <PrintNode: values=[<NameNode: type=((), 'float'), namespace=('main',), lineno=9, value='f'>], lineno=9>, <AssignmentNode: target=<NameNode: type=((), 'float'), namespace=('main',), lineno=10, value='f'>, value=<BinaryOpNode: operator='*', right=<CallNode: args=[<NumberNode: type=((), 'int'), lineno=10, value=2>], type=((), 'float'), is_constructor=True, func=<NameNode: namespace=(), value='float'>>, type=((), 'float'), lineno=10, left=<NameNode: type=((), 'float'), namespace=('main',), lineno=10, value='f'>>, lineno=10>, <PrintNode: values=[<NameNode: type=((), 'float'), namespace=('main',), lineno=11, value='f'>], lineno=11>, <AssignmentNode: target=<NameNode: type=((), 'float'), namespace=('main',), lineno=12, value='f'>, value=<BinaryOpNode: operator='/', right=<CallNode: args=[<NumberNode: type=((), 'int'), lineno=12, value=3>], type=((), 'float'), is_constructor=True, func=<NameNode: namespace=(), value='float'>>, type=((), 'float'), lineno=12, left=<NameNode: type=((), 'float'), namespace=('main',), lineno=12, value='f'>>, lineno=12>, <PrintNode: values=[<NameNode: type=((), 'float'), namespace=('main',), lineno=13, value='f'>], lineno=13>, <AssignmentNode: target=<NameNode: type=((), 'float'), namespace=('main',), lineno=14, value='f'>, value=<BinaryOpNode: operator='%', right=<CallNode: args=[<NumberNode: type=((), 'int'), lineno=14, value=4>], type=((), 'float'), is_constructor=True, func=<NameNode: namespace=(), value='float'>>, type=((), 'float'), lineno=14, left=<NameNode: type=((), 'float'), namespace=('main',), lineno=14, value='f'>>, lineno=14>, <PrintNode: values=[<NameNode: type=((), 'float'), namespace=('main',), lineno=15, value='f'>], lineno=15>], return_type=<TypeNode: type=((), 'void'), namespace=(), lineno=3, value='void'>, params=[], name=<NameNode: namespace=(), lineno=3, value='main'>, lineno=3>]>
