<StartNode: stmt_list=[<FunctionDefNode: body=[<AssignmentNode: target=<DeclarationNode: type=((), 'int'), name=<NameNode: type=((), 'int'), namespace=('main',), lineno=4, value='i1'>, var_type=<TypeNode: type=((), 'int'), namespace=(), lineno=4, value='int'>, lineno=4>, value=<BinaryOpNode: operator='-', right=<NumberNode: type=((), 'int'), lineno=4, value=3>, type=((), 'int'), lineno=4, left=<BinaryOpNode: operator='+', right=<NumberNode: type=((), 'int'), lineno=4, value=2>, type=((), 'int'), lineno=4, left=<NumberNode: type=((), 'int'), lineno=4, value=1>>>, lineno=4>, <PrintNode: values=[<NameNode: type=((), 'int'), namespace=('main',), lineno=5, value='i1'>], lineno=5>, <AssignmentNode: target=<DeclarationNode: type=((), 'int'), name=<NameNode: type=((), 'int'), namespace=('main',), lineno=6, value='i2'>, var_type=<TypeNode: type=((), 'int'), namespace=(), lineno=6, value='int'>, lineno=6>, value=<BinaryOpNode: operator='/', right=<NumberNode: type=((), 'int'), lineno=6, value=6>, type=((), 'int'), lineno=6, left=<ParenNode: expr=<BinaryOpNode: operator='*', right=<NumberNode: type=((), 'int'), lineno=6, value=5>, type=((), 'int'), lineno=6, left=<NumberNode: type=((), 'int'), lineno=6, value=4>>, type=((), 'int'), lineno=6>>, lineno=6>, <PrintNode: values=[<NameNode: type=((), 'int'), namespace=('main',), lineno=7, value='i2'>], lineno=7>, <AssignmentNode: target=<DeclarationNode: type=((), 'int'), name=<NameNode: type=((), 'int'), namespace=('main',), lineno=8, value='i3'>, var_type=<TypeNode: type=((), 'int'), namespace=(), lineno=8, value='int'>, lineno=8>, value=<ParenNode: expr=<BinaryOpNode: operator='%', right=<ParenNode: expr=<BinaryOpNode: operator='/', right=<NumberNode: type=((), 'int'), lineno=8, value=10>, type=((), 'int'), lineno=8, left=<NumberNode: type=((), 'int'), lineno=8, value=90>>, type=((), 'int'), lineno=8>, type=((), 'int'), lineno=8, left=<ParenNode: expr=<ParenNode: expr=<BinaryOpNode: operator='/', right=<NumberNode: type=((), 'int'), lineno=8, value=7>, type=((), 'int'), lineno=8, left=<NumberNode: type=((), 'int'), lineno=8, value=80>>, type=((), 'int'), lineno=8>, type=((), 'int'), lineno=8>>, type=((), 'int'), lineno=8>, lineno=8>, <PrintNode: values=[<NameNode: type=((), 'int'), namespace=('main',), lineno=9, value='i3'>], lineno=9>], return_type=<TypeNode: type=((), 'void'), namespace=(), lineno=3, value='void'>, params=[], name=<NameNode: namespace=(), lineno=3, value='main'>, lineno=3>]>
