<StartNode: stmt_list=[<FunctionDefNode: body=[<AssignmentNode: target=<DeclarationNode: type=((), 'int'), name=<NameNode: type=((), 'int'), namespace=('main',), lineno=4, value='i'>, var_type=<TypeNode: type=((), 'int'), namespace=(), lineno=4, value='int'>, lineno=4>, value=<NumberNode: type=((), 'int'), lineno=4, value=42>, lineno=4>, <PrintNode: values=[<NameNode: type=((), 'int'), namespace=('main',), lineno=5, value='i'>], lineno=5>, <AssignmentNode: target=<NameNode: type=((), 'int'), namespace=('main',), lineno=6, value='i'>, value=<BinaryOpNode: operator='+', right=<NumberNode: type=((), 'int'), lineno=6, value=1>, type=((), 'int'), lineno=6, left=<NameNode: type=((), 'int'), namespace=('main',), lineno=6, value='i'>>, lineno=6>, <PrintNode: values=[<NameNode: type=((), 'int'), namespace=('main',), lineno=7, value='i'>], lineno=7>, <AssignmentNode: target=<NameNode: type=((), 'int'), namespace=('main',), lineno=8, value='i'>, value=<BinaryOpNode: operator='-', right=<NumberNode: type=((), 'int'), lineno=8, value=1>, type=((), 'int'), lineno=8, left=<NameNode: type=((), 'int'), namespace=('main',), lineno=8, value='i'>>, lineno=8>, <PrintNode: values=[<NameNode: type=((), 'int'), namespace=('main',), lineno=9, value='i'>], lineno=9>, <AssignmentNode: target=<NameNode: type=((), 'int'), namespace=('main',), lineno=10, value='i'>, value=<BinaryOpNode: operator='*', right=<NumberNode: type=((), 'int'), lineno=10, value=2>, type=((), 'int'), lineno=10, left=<NameNode: type=((), 'int'), namespace=('main',), lineno=10, value='i'>>, lineno=10>, <PrintNode: values=[<NameNode: type=((), 'int'), namespace=('main',), lineno=11, value='i'>], lineno=11>, <AssignmentNode: target=<NameNode: type=((), 'int'), namespace=('main',), lineno=12, value='i'>, value=<BinaryOpNode: operator='/', right=<NumberNode: type=((), 'int'), lineno=12, value=3>, type=((), 'int'), lineno=12, left=<NameNode: type=((), 'int'), namespace=('main',), lineno=12, value='i'>>, lineno=12>, <PrintNode: values=[<NameNode: type=((), 'int'), namespace=('main',), lineno=13, value='i'>], lineno=13>, <AssignmentNode: target=<NameNode: type=((), 'int'), namespace=('main',), lineno=14, value='i'>, value=<BinaryOpNode: operator='%', right=<NumberNode: type=((), 'int'), lineno=14, value=4>, type=((), 'int'), lineno=14, left=<NameNode: type=((), 'int'), namespace=('main',), lineno=14, value='i'>>, lineno=14>, <PrintNode: values=[<NameNode: type=((), 'int'), namespace=('main',), lineno=15, value='i'>], lineno=15>], return_type=<TypeNode: type=((), 'void'), namespace=(), lineno=3, value='void'>, params=[], name=<NameNode: namespace=(), lineno=3, value='main'>, lineno=3>]>
