<StartNode: stmt_list=[<FunctionDefNode: body=[<AssignmentNode: target=<DeclarationNode: type=((), 'bool'), name=<NameNode: type=((), 'bool'), namespace=('print_these',), lineno=4, value='b'>, var_type=<TypeNode: type=((), 'bool'), namespace=(), lineno=4, value='bool'>, lineno=4>, value=<NameNode: type=((), 'bool'), namespace=(), lineno=4, value='True'>, lineno=4>, <AssignmentNode: target=<DeclarationNode: type=((), 'float'), name=<NameNode: type=((), 'float'), namespace=('print_these',), lineno=5, value='f'>, var_type=<TypeNode: type=((), 'float'), namespace=(), lineno=5, value='float'>, lineno=5>, value=<NumberNode: type=((), 'float'), lineno=5, value=3.14>, lineno=5>, <AssignmentNode: target=<DeclarationNode: type=((), 'int'), name=<NameNode: type=((), 'int'), namespace=('print_these',), lineno=6, value='i'>, var_type=<TypeNode: type=((), 'int'), namespace=(), lineno=6, value='int'>, lineno=6>, value=<NumberNode: type=((), 'int'), lineno=6, value=42>, lineno=6>, <AssignmentNode: target=<DeclarationNode: type=((), 'str'), name=<NameNode: type=((), 'str'), namespace=('print_these',), lineno=7, value='s'>, var_type=<TypeNode: type=((), 'str'), namespace=(), lineno=7, value='str'>, lineno=7>, value=<StringNode: type=((), 'str'), lineno=7, value='"Rosebud"'>, lineno=7>, <PrintNode: values=[<NameNode: type=((), 'bool'), namespace=('print_these',), lineno=8, value='b'>, <NameNode: type=((), 'float'), namespace=('print_these',), lineno=8, value='f'>, <NameNode: type=((), 'int'), namespace=('print_these',), lineno=8, value='i'>, <NameNode: type=((), 'str'), namespace=('print_these',), lineno=8, value='s'>], lineno=8>], return_type=<TypeNode: type=((), 'void'), namespace=(), lineno=3, value='void'>, params=[], name=<NameNode: namespace=(), lineno=3, value='print_these'>, lineno=3>, <FunctionDefNode: body=[<ExpressionStmtNode: expr=<CallNode: args=[], type=((), 'void'), is_constructor=False, func=<NameNode: namespace=(), lineno=12, value='print_these'>, lineno=12>, lineno=12>], return_type=<TypeNode: type=((), 'void'), namespace=(), lineno=11, value='void'>, params=[], name=<NameNode: namespace=(), lineno=11, value='main'>, lineno=11>]>
