<StartNode: stmt_list=[<FunctionDefNode: body=[<DeclarationStmtNode: lineno=4, value=<DeclarationNode: type=((), 'bool'), name=<NameNode: type=((), 'bool'), namespace=('main',), lineno=4, value='b'>, var_type=<TypeNode: type=((), 'bool'), namespace=(), lineno=4, value='bool'>, lineno=4>>, <DeclarationStmtNode: lineno=5, value=<DeclarationNode: type=((), 'float'), name=<NameNode: type=((), 'float'), namespace=('main',), lineno=5, value='f'>, var_type=<TypeNode: type=((), 'float'), namespace=(), lineno=5, value='float'>, lineno=5>>, <DeclarationStmtNode: lineno=6, value=<DeclarationNode: type=((), 'int'), name=<NameNode: type=((), 'int'), namespace=('main',), lineno=6, value='i'>, var_type=<TypeNode: type=((), 'int'), namespace=(), lineno=6, value='int'>, lineno=6>>, <DeclarationStmtNode: lineno=7, value=<DeclarationNode: type=((), 'str'), name=<NameNode: type=((), 'str'), namespace=('main',), lineno=7, value='s'>, var_type=<TypeNode: type=((), 'str'), namespace=(), lineno=7, value='str'>, lineno=7>>, <AssignmentNode: target=<NameNode: type=((), 'bool'), namespace=('main',), lineno=9, value='b'>, value=<NameNode: type=((), 'bool'), namespace=(), lineno=9, value='True'>, lineno=9>, <AssignmentNode: target=<NameNode: type=((), 'float'), namespace=('main',), lineno=10, value='f'>, value=<NumberNode: type=((), 'float'), lineno=10, value=3.14>, lineno=10>, <AssignmentNode: target=<NameNode: type=((), 'int'), namespace=('main',), lineno=11, value='i'>, value=<NumberNode: type=((), 'int'), lineno=11, value=42>, lineno=11>, <AssignmentNode: target=<NameNode: type=((), 'str'), namespace=('main',), lineno=12, value='s'>, value=<StringNode: type=((), 'str'), lineno=12, value='"Rosebud"'>, lineno=12>, <PrintNode: values=[<NameNode: type=((), 'bool'), namespace=('main',), lineno=13, value='b'>, <NameNode: type=((), 'float'), namespace=('main',), lineno=13, value='f'>, <NameNode: type=((), 'int'), namespace=('main',), lineno=13, value='i'>, <NameNode: type=((), 'str'), namespace=('main',), lineno=13, value='s'>], lineno=13>, <AssignmentNode: target=<NameNode: type=((), 'bool'), namespace=('main',), lineno=15, value='b'>, value=<NameNode: type=((), 'bool'), namespace=(), lineno=15, value='False'>, lineno=15>, <AssignmentNode: target=<NameNode: type=((), 'float'), namespace=('main',), lineno=16, value='f'>, value=<NumberNode: type=((), 'float'), lineno=16, value=6.28>, lineno=16>, <AssignmentNode: target=<NameNode: type=((), 'int'), namespace=('main',), lineno=17, value='i'>, value=<NumberNode: type=((), 'int'), lineno=17, value=21>, lineno=17>, <AssignmentNode: target=<NameNode: type=((), 'str'), namespace=('main',), lineno=18, value='s'>, value=<StringNode: type=((), 'str'), lineno=18, value='"Citizen Kane"'>, lineno=18>, <PrintNode: values=[<NameNode: type=((), 'bool'), namespace=('main',), lineno=19, value='b'>, <NameNode: type=((), 'float'), namespace=('main',), lineno=19, value='f'>, <NameNode: type=((), 'int'), namespace=('main',), lineno=19, value='i'>, <NameNode: type=((), 'str'), namespace=('main',), lineno=19, value='s'>], lineno=19>], return_type=<TypeNode: type=((), 'void'), namespace=(), lineno=3, value='void'>, params=[], name=<NameNode: namespace=(), lineno=3, value='main'>, lineno=3>]>
