<StartNode: stmt_list=[<FunctionDefNode: body=[<ReturnNode: type=((), 'bool'), lineno=4, value=<NameNode: type=((), 'bool'), namespace=('bidentity',), lineno=4, value='b'>>], return_type=<TypeNode: type=((), 'bool'), namespace=(), lineno=3, value='bool'>, params=[<DeclarationNode: type=((), 'bool'), name=<NameNode: type=((), 'bool'), namespace=('bidentity',), lineno=3, value='b'>, var_type=<TypeNode: type=((), 'bool'), namespace=(), lineno=3, value='bool'>, lineno=3>], name=<NameNode: namespace=(), lineno=3, value='bidentity'>, lineno=3>, <FunctionDefNode: body=[<ReturnNode: type=((), 'float'), lineno=7, value=<NameNode: type=((), 'float'), namespace=('fidentity',), lineno=7, value='f'>>], return_type=<TypeNode: type=((), 'float'), namespace=(), lineno=6, value='float'>, params=[<DeclarationNode: type=((), 'float'), name=<NameNode: type=((), 'float'), namespace=('fidentity',), lineno=6, value='f'>, var_type=<TypeNode: type=((), 'float'), namespace=(), lineno=6, value='float'>, lineno=6>], name=<NameNode: namespace=(), lineno=6, value='fidentity'>, lineno=6>, <FunctionDefNode: body=[<ReturnNode: type=((), 'int'), lineno=10, value=<NameNode: type=((), 'int'), namespace=('iidentity',), lineno=10, value='i'>>], return_type=<TypeNode: type=((), 'int'), namespace=(), lineno=9, value='int'>, params=[<DeclarationNode: type=((), 'int'), name=<NameNode: type=((), 'int'), namespace=('iidentity',), lineno=9, value='i'>, var_type=<TypeNode: type=((), 'int'), namespace=(), lineno=9, value='int'>, lineno=9>], name=<NameNode: namespace=(), lineno=9, value='iidentity'>, lineno=9>, <FunctionDefNode: body=[<ReturnNode: type=((), 'str'), lineno=13, value=<NameNode: type=((), 'str'), namespace=('sidentity',), lineno=13, value='s'>>], return_type=<TypeNode: type=((), 'str'), namespace=(), lineno=12, value='str'>, params=[<DeclarationNode: type=((), 'str'), name=<NameNode: type=((), 'str'), namespace=('sidentity',), lineno=12, value='s'>, var_type=<TypeNode: type=((), 'str'), namespace=(), lineno=12, value='str'>, lineno=12>], name=<NameNode: namespace=(), lineno=12, value='sidentity'>, lineno=12>, <FunctionDefNode: body=[<PrintNode: values=[<CallNode: args=[<NameNode: type=((), 'bool'), namespace=(), lineno=16, value='True'>], type=((), 'bool'), is_constructor=False, func=<NameNode: namespace=(), lineno=16, value='bidentity'>, lineno=16>, <CallNode: args=[<NumberNode: type=((), 'float'), lineno=16, value=3.14>], type=((), 'float'), is_constructor=False, func=<NameNode: namespace=(), lineno=16, value='fidentity'>, lineno=16>, <CallNode: args=[<NumberNode: type=((), 'int'), lineno=16, value=42>], type=((), 'int'), is_constructor=False, func=<NameNode: namespace=(), lineno=16, value='iidentity'>, lineno=16>, <CallNode: args=[<StringNode: type=((), 'str'), lineno=16, value='"Rosebud"'>], type=((), 'str'), is_constructor=False, func=<NameNode: namespace=(), lineno=16, value='sidentity'>, lineno=16>], lineno=16>], return_type=<TypeNode: type=((), 'void'), namespace=(), lineno=15, value='void'>, params=[], name=<NameNode: namespace=(), lineno=15, value='main'>, lineno=15>]>
