<StartNode: stmt_list=[<AssignmentNode: target=<DeclarationNode: type=((), 'bool'), name=<NameNode: type=((), 'bool'), namespace=(), lineno=3, value='b'>, var_type=<TypeNode: type=((), 'bool'), namespace=(), lineno=3, value='bool'>, lineno=3>, value=<NameNode: type=((), 'bool'), namespace=(), lineno=3, value='True'>, lineno=3>, <AssignmentNode: target=<DeclarationNode: type=((), 'float'), name=<NameNode: type=((), 'float'), namespace=(), lineno=4, value='f'>, var_type=<TypeNode: type=((), 'float'), namespace=(), lineno=4, value='float'>, lineno=4>, value=<NumberNode: type=((), 'float'), lineno=4, value=3.14>, lineno=4>, <AssignmentNode: target=<DeclarationNode: type=((), 'int'), name=<NameNode: type=((), 'int'), namespace=(), lineno=5, value='i'>, var_type=<TypeNode: type=((), 'int'), namespace=(), lineno=5, value='int'>, lineno=5>, value=<NumberNode: type=((), 'int'), lineno=5, value=42>, lineno=5>, <AssignmentNode: target=<DeclarationNode: type=((), 'str'), name=<NameNode: type=((), 'str'), namespace=(), lineno=6, value='s'>, var_type=<TypeNode: type=((), 'str'), namespace=(), lineno=6, value='str'>, lineno=6>, value=<StringNode: type=((), 'str'), lineno=6, value='"Rosebud"'>, lineno=6>, <FunctionDefNode: body=[<PrintNode: values=[<NameNode: type=((), 'bool'), namespace=(), lineno=9, value='b'>, <NameNode: type=((), 'float'), namespace=(), lineno=9, value='f'>, <NameNode: type=((), 'int'), namespace=(), lineno=9, value='i'>, <NameNode: type=((), 'str'), namespace=(), lineno=9, value='s'>], lineno=9>], return_type=<TypeNode: type=((), 'void'), namespace=(), lineno=8, value='void'>, params=[], name=<NameNode: namespace=(), lineno=8, value='main'>, lineno=8>]>
