import java.util.Collection;
import java.util.HashSet;
import java.util.Iterator;
import java.util.Set;
import java.util.Arrays;
import java.util.ArrayList;

import edu.columbia.plt.gramola.datastruct.Edge;
import edu.columbia.plt.gramola.datastruct.Graph;
import edu.columbia.plt.gramola.datastruct.Node;
import edu.columbia.plt.gramola.datastruct.NodeSet;
import edu.columbia.plt.gramola.datastruct.EdgeSet;
import edu.columbia.plt.gramola.util.GraphDBController;
import edu.columbia.plt.gramola.util.GraphVisualizer;
import edu.columbia.plt.gramola.util.GraphUtil;


public class Test {

	public static void main(String[] args) {
		Boolean b;
		Double f;
		Integer i;
		String s;
		b = true;
		f = 3.14;
		i = 42;
		s = "Rosebud";
		System.out.println((b).toString());
		System.out.println((f).toString());
		System.out.println((i).toString());
		System.out.println((s).toString());
		b = false;
		f = 6.28;
		i = 21;
		s = "Citizen Kane";
		System.out.println((b).toString());
		System.out.println((f).toString());
		System.out.println((i).toString());
		System.out.println((s).toString());
	}
	
}
