import java.util.Collection;
import java.util.HashSet;
import java.util.Iterator;
import java.util.Set;
import java.util.Arrays;
import java.util.ArrayList;

import edu.columbia.plt.gramola.datastruct.Edge;
import edu.columbia.plt.gramola.datastruct.Graph;
import edu.columbia.plt.gramola.datastruct.Node;
import edu.columbia.plt.gramola.datastruct.NodeSet;
import edu.columbia.plt.gramola.datastruct.EdgeSet;
import edu.columbia.plt.gramola.util.GraphDBController;
import edu.columbia.plt.gramola.util.GraphVisualizer;
import edu.columbia.plt.gramola.util.GraphUtil;


public class Test {
	Boolean b = true;
	Double f = (Double)3.14;
	Integer i = (Integer)42;
	String s = "Rosebud";

	public static void main(String[] args) {
		System.out.println((b).toString());
		System.out.println((f).toString());
		System.out.println((i).toString());
		System.out.println((s).toString());
	}
	
}
