import java.util.Collection;
import java.util.HashSet;
import java.util.Iterator;
import java.util.Set;
import java.util.Arrays;
import java.util.ArrayList;

import edu.columbia.plt.gramola.datastruct.Edge;
import edu.columbia.plt.gramola.datastruct.Graph;
import edu.columbia.plt.gramola.datastruct.Node;
import edu.columbia.plt.gramola.datastruct.NodeSet;
import edu.columbia.plt.gramola.datastruct.EdgeSet;
import edu.columbia.plt.gramola.util.GraphDBController;
import edu.columbia.plt.gramola.util.GraphVisualizer;
import edu.columbia.plt.gramola.util.GraphUtil;


public class Test {

	public static void main(String[] args) {
		Boolean is_true = ((1).equals(2)) || (1 < 2) || (1 > 2);
		System.out.println((is_true).toString());
		Boolean is_false = ((1).equals(2)) && (1 < 2) && (1 > 2);
		System.out.println((is_false).toString());
		is_false = !((3.14 <= 42));
		System.out.println((is_false).toString());
	}
	
}
