import java.util.Collection;
import java.util.HashSet;
import java.util.Iterator;
import java.util.Set;
import java.util.Arrays;
import java.util.ArrayList;

import edu.columbia.plt.gramola.datastruct.Edge;
import edu.columbia.plt.gramola.datastruct.Graph;
import edu.columbia.plt.gramola.datastruct.Node;
import edu.columbia.plt.gramola.datastruct.NodeSet;
import edu.columbia.plt.gramola.datastruct.EdgeSet;
import edu.columbia.plt.gramola.util.GraphDBController;
import edu.columbia.plt.gramola.util.GraphVisualizer;
import edu.columbia.plt.gramola.util.GraphUtil;


public class Test {

	public static void print_these() {
		Boolean b = true;
		Double f = 3.14;
		Integer i = 42;
		String s = "Rosebud";
		System.out.println((b).toString());
		System.out.println((f).toString());
		System.out.println((i).toString());
		System.out.println((s).toString());
	}

	public static void main(String[] args) {
		Test.print_these();
	}
	
}
