import java.util.Collection;
import java.util.HashSet;
import java.util.Iterator;
import java.util.Set;
import java.util.Arrays;
import java.util.ArrayList;

import edu.columbia.plt.gramola.datastruct.Edge;
import edu.columbia.plt.gramola.datastruct.Graph;
import edu.columbia.plt.gramola.datastruct.Node;
import edu.columbia.plt.gramola.datastruct.NodeSet;
import edu.columbia.plt.gramola.datastruct.EdgeSet;
import edu.columbia.plt.gramola.util.GraphDBController;
import edu.columbia.plt.gramola.util.GraphVisualizer;
import edu.columbia.plt.gramola.util.GraphUtil;


public class Test {

	public static Boolean bidentity(Boolean b) {
		return b;
	}

	public static Double fidentity(Double f) {
		return f;
	}

	public static Integer iidentity(Integer i) {
		return i;
	}

	public static String sidentity(String s) {
		return s;
	}

	public static void main(String[] args) {
		System.out.println((Test.bidentity(true)).toString());
		System.out.println((Test.fidentity(3.14)).toString());
		System.out.println((Test.iidentity(42)).toString());
		System.out.println((Test.sidentity("Rosebud")).toString());
	}
	
}
